../Core/Src/main.c:55:5:__io_putchar	16	static
../Core/Src/main.c:88:5:main	616	static
../Core/Src/main.c:210:6:SystemClock_Config	88	static
../Core/Src/main.c:264:13:MX_NVIC_Init	8	static
../Core/Src/main.c:284:6:musicQ	56	static
../Core/Src/main.c:351:5:pitchtoint	16	static
../Core/Src/main.c:377:8:pow106	32	static
../Core/Src/main.c:389:5:pow2	24	static
../Core/Src/main.c:402:6:HAL_GPIO_EXTI_Callback	16	static
../Core/Src/main.c:413:6:HAL_UART_RxCpltCallback	16	static
../Core/Src/main.c:452:6:Error_Handler	4	static,ignoring_inline_asm
